// Jest Snapshot v1, https://goo.gl/fbAQLP

exports[`matches snapshots 1`] = `
<div
  data-testid="user-1"
>
  <h1
    style={
      Object {
        "color": "red",
      }
    }
  >
    John
  </h1>
</div>
`;
